BL51 BANKED LINKER/LOCATER V6.22                                                        01/20/2019  19:47:12  PAGE 1


BL51 BANKED LINKER/LOCATER V6.22, INVOKED BY:
D:\SOFTWARE\KEIL\C51\BIN\BL51.EXE STARTUP.obj, main.obj TO Test RAMSIZE (256)


MEMORY MODEL: SMALL WITH FLOATING POINT ARITHMETIC


INPUT MODULES INCLUDED:
  STARTUP.obj (?C_STARTUP)
  main.obj (MAIN)
  D:\SOFTWARE\KEIL\C51\LIB\C51FPS.LIB (?C?FPMUL)
  D:\SOFTWARE\KEIL\C51\LIB\C51FPS.LIB (?C?FPDIV)
  D:\SOFTWARE\KEIL\C51\LIB\C51FPS.LIB (?C?FCAST)
  D:\SOFTWARE\KEIL\C51\LIB\C51FPS.LIB (PRINTF)
  D:\SOFTWARE\KEIL\C51\LIB\C51FPS.LIB (?C?FPGETOPN)
  D:\SOFTWARE\KEIL\C51\LIB\C51FPS.LIB (?C?FPROUND)
  D:\SOFTWARE\KEIL\C51\LIB\C51FPS.LIB (?C?FPCONVERT)
  D:\SOFTWARE\KEIL\C51\LIB\C51FPS.LIB (?C?FPADD)
  D:\SOFTWARE\KEIL\C51\LIB\C51FPS.LIB (?C?FTNPWR)
  D:\SOFTWARE\KEIL\C51\LIB\C51S.LIB (?C_INIT)
  D:\SOFTWARE\KEIL\C51\LIB\C51S.LIB (?C?CLDPTR)
  D:\SOFTWARE\KEIL\C51\LIB\C51S.LIB (?C?CLDOPTR)
  D:\SOFTWARE\KEIL\C51\LIB\C51S.LIB (?C?CSTPTR)
  D:\SOFTWARE\KEIL\C51\LIB\C51S.LIB (?C?LNEG)
  D:\SOFTWARE\KEIL\C51\LIB\C51S.LIB (?C?PLDIIDATA)
  D:\SOFTWARE\KEIL\C51\LIB\C51S.LIB (?C?CCASE)
  D:\SOFTWARE\KEIL\C51\LIB\C51S.LIB (PUTCHAR)


LINK MAP OF MODULE:  Test (?C_STARTUP)


            TYPE    BASE      LENGTH    RELOCATION   SEGMENT NAME
            -----------------------------------------------------

            * * * * * * *   D A T A   M E M O R Y   * * * * * * *
            REG     0000H     0008H     ABSOLUTE     "REG BANK 0"
            DATA    0008H     0008H     UNIT         ?DT?MAIN
                    0010H     0010H                  *** GAP ***
            BIT     0020H.0   0001H.1   UNIT         _BIT_GROUP_
            BIT     0021H.1   0000H.1   UNIT         ?BI?MAIN
                    0021H.2   0000H.6                *** GAP ***
            DATA    0022H     001CH     UNIT         _DATA_GROUP_
            IDATA   003EH     0001H     UNIT         ?STACK

            * * * * * * *   C O D E   M E M O R Y   * * * * * * *
            CODE    0000H     0003H     ABSOLUTE     
                    0003H     0008H                  *** GAP ***
            CODE    000BH     0003H     ABSOLUTE     
                    000EH     07F2H                  *** GAP ***
            CODE    0800H     0564H     UNIT         ?C?LIB_CODE
            CODE    0D64H     046FH     UNIT         ?PR?PRINTF?PRINTF
            CODE    11D3H     008CH     UNIT         ?C_C51STARTUP
            CODE    125FH     005CH     UNIT         ?PR?CONUT?MAIN
            CODE    12BBH     0034H     UNIT         ?PR?MAIN?MAIN
            CODE    12EFH     0027H     UNIT         ?PR?PUTCHAR?PUTCHAR
            CODE    1316H     001AH     UNIT         ?PR?_DELAYMS?MAIN
            CODE    1330H     001AH     UNIT         ?PR?STARTMODULE?MAIN
BL51 BANKED LINKER/LOCATER V6.22                                                      01/20/2019  19:47:12  PAGE 2


            CODE    134AH     0011H     UNIT         ?C_INITSEG
            CODE    135BH     000FH     UNIT         ?CO?MAIN
            CODE    136AH     0003H     UNIT         ?PR?ZD0?MAIN



OVERLAY MAP OF MODULE:   Test (?C_STARTUP)


SEGMENT                           BIT_GROUP          DATA_GROUP 
  +--> CALLED SEGMENT          START    LENGTH     START    LENGTH
------------------------------------------------------------------
?C_C51STARTUP                  -----    -----      -----    -----
  +--> ?PR?MAIN?MAIN
  +--> ?C_INITSEG

?PR?MAIN?MAIN                  -----    -----      -----    -----
  +--> ?PR?STARTMODULE?MAIN
  +--> ?PR?CONUT?MAIN
  +--> ?PR?_DELAYMS?MAIN

?PR?CONUT?MAIN                 -----    -----      -----    -----
  +--> ?CO?MAIN
  +--> ?PR?PRINTF?PRINTF

?PR?PRINTF?PRINTF              0020H.0  0001H.1    0022H    001CH
  +--> ?PR?PUTCHAR?PUTCHAR



SYMBOL TABLE OF MODULE:  Test (?C_STARTUP)

  VALUE           TYPE          NAME
  ----------------------------------

  -------         MODULE        ?C_STARTUP
  C:11D3H         SEGMENT       ?C_C51STARTUP
  I:003EH         SEGMENT       ?STACK
  C:0000H         PUBLIC        ?C_STARTUP
  D:00E0H         SYMBOL        ACC
  D:00F0H         SYMBOL        B
  D:0083H         SYMBOL        DPH
  D:0082H         SYMBOL        DPL
  N:0000H         SYMBOL        IBPSTACK
  N:0100H         SYMBOL        IBPSTACKTOP
  N:0080H         SYMBOL        IDATALEN
  C:11D6H         SYMBOL        IDATALOOP
  N:0000H         SYMBOL        PBPSTACK
  N:0100H         SYMBOL        PBPSTACKTOP
  N:0000H         SYMBOL        PDATALEN
  N:0000H         SYMBOL        PDATASTART
  N:0000H         SYMBOL        PPAGE
  N:0000H         SYMBOL        PPAGEENABLE
  D:00A0H         SYMBOL        PPAGE_SFR
  D:0081H         SYMBOL        SP
  C:11D3H         SYMBOL        STARTUP1
  N:0000H         SYMBOL        XBPSTACK
BL51 BANKED LINKER/LOCATER V6.22                                                      01/20/2019  19:47:12  PAGE 3


  N:0000H         SYMBOL        XBPSTACKTOP
  N:0000H         SYMBOL        XDATALEN
  N:0000H         SYMBOL        XDATASTART
  C:0000H         LINE#         126
  C:11D3H         LINE#         133
  C:11D5H         LINE#         134
  C:11D6H         LINE#         135
  C:11D7H         LINE#         136
  C:11D9H         LINE#         185
  C:11DCH         LINE#         196
  -------         ENDMOD        ?C_STARTUP

  -------         MODULE        MAIN
  C:0000H         SYMBOL        _ICE_DUMMY_
  B:00A8H.7       PUBLIC        EA
  C:125FH         PUBLIC        Conut
  C:136AH         PUBLIC        zd0
  B:0090H.1       PUBLIC        P1_1
  B:0090H.2       PUBLIC        P1_2
  B:0021H.1       PUBLIC        flag
  B:0098H.1       PUBLIC        TI
  D:0008H         PUBLIC        timer
  C:12BBH         PUBLIC        main
  D:000AH         PUBLIC        time
  D:0098H         PUBLIC        SCON
  D:0089H         PUBLIC        TMOD
  B:00A8H.1       PUBLIC        ET0
  D:008CH         PUBLIC        TH0
  D:008DH         PUBLIC        TH1
  D:008AH         PUBLIC        TL0
  D:008BH         PUBLIC        TL1
  D:000CH         PUBLIC        S
  B:0088H.4       PUBLIC        TR0
  B:0088H.6       PUBLIC        TR1
  C:1316H         PUBLIC        _delayms
  C:1330H         PUBLIC        StartModule
  -------         PROC          CONUT
  C:125FH         LINE#         25
  C:125FH         LINE#         26
  C:126FH         LINE#         27
  C:1272H         LINE#         28
  C:1274H         LINE#         29
  C:1298H         LINE#         30
  C:129BH         LINE#         31
  C:129DH         LINE#         32
  C:12A6H         LINE#         33
  C:12A6H         LINE#         35
  -------         ENDPROC       CONUT
  -------         PROC          _DELAYMS
  D:0006H         SYMBOL        ms
  -------         DO            
  D:0004H         SYMBOL        i
  D:0005H         SYMBOL        j
  -------         ENDDO         
  C:1316H         LINE#         38
  C:1316H         LINE#         39
  C:1318H         LINE#         40
BL51 BANKED LINKER/LOCATER V6.22                                                      01/20/2019  19:47:12  PAGE 4


  C:131CH         LINE#         41
  C:1320H         LINE#         42
  C:1322H         LINE#         43
  C:1328H         LINE#         45
  C:132FH         LINE#         46
  -------         ENDPROC       _DELAYMS
  -------         PROC          ZD0
  C:136AH         LINE#         48
  C:136AH         LINE#         49
  C:136CH         LINE#         50
  -------         ENDPROC       ZD0
  -------         PROC          STARTMODULE
  C:1330H         LINE#         52
  C:1330H         LINE#         53
  C:1332H         LINE#         54
  C:1333H         LINE#         55
  C:1334H         LINE#         56
  C:1335H         LINE#         57
  C:1336H         LINE#         58
  C:1337H         LINE#         59
  C:1338H         LINE#         60
  C:1339H         LINE#         61
  C:133AH         LINE#         62
  C:133BH         LINE#         63
  C:133CH         LINE#         64
  C:133DH         LINE#         65
  C:133EH         LINE#         66
  C:133FH         LINE#         67
  C:1340H         LINE#         68
  C:1341H         LINE#         69
  C:1342H         LINE#         70
  C:1343H         LINE#         71
  C:1344H         LINE#         72
  C:1345H         LINE#         73
  C:1346H         LINE#         74
  C:1347H         LINE#         75
  C:1349H         LINE#         76
  -------         ENDPROC       STARTMODULE
  -------         PROC          MAIN
  C:12BBH         LINE#         78
  C:12BBH         LINE#         79
  C:12BEH         LINE#         80
  C:12C1H         LINE#         81
  C:12C4H         LINE#         82
  C:12C7H         LINE#         83
  C:12CAH         LINE#         84
  C:12CCH         LINE#         85
  C:12CEH         LINE#         86
  C:12D0H         LINE#         87
  C:12D2H         LINE#         88
  C:12D4H         LINE#         90
  C:12D6H         LINE#         93
  C:12D6H         LINE#         94
  C:12D9H         LINE#         95
  C:12DCH         LINE#         96
  C:12DEH         LINE#         97
  C:12E1H         LINE#         98
BL51 BANKED LINKER/LOCATER V6.22                                                      01/20/2019  19:47:12  PAGE 5


  C:12E3H         LINE#         99
  C:12E6H         LINE#         100
  C:12EDH         LINE#         102
  -------         ENDPROC       MAIN
  -------         ENDMOD        MAIN

  -------         MODULE        ?C?FPMUL
  C:0800H         PUBLIC        ?C?FPMUL
  -------         ENDMOD        ?C?FPMUL

  -------         MODULE        ?C?FPDIV
  C:0909H         PUBLIC        ?C?FPDIV
  -------         ENDMOD        ?C?FPDIV

  -------         MODULE        ?C?FCAST
  C:09B0H         PUBLIC        ?C?FCASTC
  C:09ABH         PUBLIC        ?C?FCASTI
  C:09A6H         PUBLIC        ?C?FCASTL
  -------         ENDMOD        ?C?FCAST

  -------         MODULE        PRINTF
  D:0022H         PUBLIC        ?_PRINTF?BYTE
  D:0022H         PUBLIC        ?_SPRINTF?BYTE
  C:0DC6H         PUBLIC        _PRINTF
  C:0DC0H         PUBLIC        _SPRINTF
  -------         ENDMOD        PRINTF

  -------         MODULE        ?C?FPROUND
  C:0A2EH         PUBLIC        ?C?FPROUND
  -------         ENDMOD        ?C?FPROUND

  -------         MODULE        ?C?FPCONVERT
  C:0A5DH         PUBLIC        ?C?FPCONVERT
  -------         ENDMOD        ?C?FPCONVERT

  -------         MODULE        ?C?FPADD
  C:0B67H         PUBLIC        ?C?FPADD
  C:0B63H         PUBLIC        ?C?FPSUB
  -------         ENDMOD        ?C?FPADD

  -------         MODULE        ?C?FTNPWR
  C:0C88H         PUBLIC        ?C?FTNPWR
  -------         ENDMOD        ?C?FTNPWR

  -------         MODULE        ?C?CLDPTR
  C:0CC8H         PUBLIC        ?C?CLDPTR
  -------         ENDMOD        ?C?CLDPTR

  -------         MODULE        ?C?CLDOPTR
  C:0CE1H         PUBLIC        ?C?CLDOPTR
  -------         ENDMOD        ?C?CLDOPTR

  -------         MODULE        ?C?CSTPTR
  C:0D0EH         PUBLIC        ?C?CSTPTR
  -------         ENDMOD        ?C?CSTPTR

  -------         MODULE        ?C?LNEG
BL51 BANKED LINKER/LOCATER V6.22                                                      01/20/2019  19:47:12  PAGE 6


  C:0D20H         PUBLIC        ?C?LNEG
  -------         ENDMOD        ?C?LNEG

  -------         MODULE        ?C?PLDIIDATA
  C:0D2EH         PUBLIC        ?C?PLDIIDATA
  -------         ENDMOD        ?C?PLDIIDATA

  -------         MODULE        ?C?CCASE
  C:0D3EH         PUBLIC        ?C?CCASE
  -------         ENDMOD        ?C?CCASE

  -------         MODULE        PUTCHAR
  C:12EFH         PUBLIC        _PUTCHAR
  -------         ENDMOD        PUTCHAR

******************************************************************************
* RESTRICTED VERSION WITH 0800H BYTE CODE SIZE LIMIT; USED: 00F8H BYTE (12%) *
******************************************************************************

Program Size: data=46.2 xdata=0 code=2931
LINK/LOCATE RUN COMPLETE.  0 WARNING(S),  0 ERROR(S)
