BL51 BANKED LINKER/LOCATER V6.22                                                        11/22/2018  15:05:44  PAGE 1


BL51 BANKED LINKER/LOCATER V6.22, INVOKED BY:
D:\SOFTWARE\KEIL\C51\BIN\BL51.EXE STARTUP.obj, main.obj TO Test RAMSIZE (256)


MEMORY MODEL: SMALL


INPUT MODULES INCLUDED:
  STARTUP.obj (?C_STARTUP)
  main.obj (MAIN)
  D:\SOFTWARE\KEIL\C51\LIB\C51S.LIB (?C_INIT)


LINK MAP OF MODULE:  Test (?C_STARTUP)


            TYPE    BASE      LENGTH    RELOCATION   SEGMENT NAME
            -----------------------------------------------------

            * * * * * * *   D A T A   M E M O R Y   * * * * * * *
            REG     0000H     0008H     ABSOLUTE     "REG BANK 0"
            DATA    0008H     002DH     UNIT         ?DT?MAIN
            IDATA   0035H     0001H     UNIT         ?STACK

            * * * * * * *   C O D E   M E M O R Y   * * * * * * *
            CODE    0000H     0003H     ABSOLUTE     
                    0003H     0008H                  *** GAP ***
            CODE    000BH     0003H     ABSOLUTE     
                    000EH     07F2H                  *** GAP ***
            CODE    0800H     008CH     UNIT         ?C_C51STARTUP
            CODE    088CH     004FH     UNIT         ?PR?CLOCKRUN?MAIN
            CODE    08DBH     0039H     UNIT         ?C_INITSEG
            CODE    0914H     002CH     UNIT         ?PR?ZHONGDUAN?MAIN
            CODE    0940H     0018H     UNIT         ?PR?MAIN?MAIN



OVERLAY MAP OF MODULE:   Test (?C_STARTUP)


SEGMENT
  +--> CALLED SEGMENT
---------------------
?C_C51STARTUP
  +--> ?PR?MAIN?MAIN
  +--> ?C_INITSEG

?PR?MAIN?MAIN
  +--> ?PR?CLOCKRUN?MAIN



SYMBOL TABLE OF MODULE:  Test (?C_STARTUP)

  VALUE           TYPE          NAME
  ----------------------------------

  -------         MODULE        ?C_STARTUP
BL51 BANKED LINKER/LOCATER V6.22                                                      11/22/2018  15:05:44  PAGE 2


  C:0800H         SEGMENT       ?C_C51STARTUP
  I:0035H         SEGMENT       ?STACK
  C:0000H         PUBLIC        ?C_STARTUP
  D:00E0H         SYMBOL        ACC
  D:00F0H         SYMBOL        B
  D:0083H         SYMBOL        DPH
  D:0082H         SYMBOL        DPL
  N:0000H         SYMBOL        IBPSTACK
  N:0100H         SYMBOL        IBPSTACKTOP
  N:0080H         SYMBOL        IDATALEN
  C:0803H         SYMBOL        IDATALOOP
  N:0000H         SYMBOL        PBPSTACK
  N:0100H         SYMBOL        PBPSTACKTOP
  N:0000H         SYMBOL        PDATALEN
  N:0000H         SYMBOL        PDATASTART
  N:0000H         SYMBOL        PPAGE
  N:0000H         SYMBOL        PPAGEENABLE
  D:00A0H         SYMBOL        PPAGE_SFR
  D:0081H         SYMBOL        SP
  C:0800H         SYMBOL        STARTUP1
  N:0000H         SYMBOL        XBPSTACK
  N:0000H         SYMBOL        XBPSTACKTOP
  N:0000H         SYMBOL        XDATALEN
  N:0000H         SYMBOL        XDATASTART
  C:0000H         LINE#         126
  C:0800H         LINE#         133
  C:0802H         LINE#         134
  C:0803H         LINE#         135
  C:0804H         LINE#         136
  C:0806H         LINE#         185
  C:0809H         LINE#         196
  -------         ENDMOD        ?C_STARTUP

  -------         MODULE        MAIN
  C:0000H         SYMBOL        _ICE_DUMMY_
  D:0008H         PUBLIC        second
  D:0080H         PUBLIC        P0
  D:0090H         PUBLIC        P1
  D:00A0H         PUBLIC        P2
  D:00B0H         PUBLIC        P3
  D:0009H         PUBLIC        counter
  B:00A8H.7       PUBLIC        EA
  D:00A8H         PUBLIC        IE
  D:000AH         PUBLIC        _led
  D:001EH         PUBLIC        minute
  D:00B8H         PUBLIC        IP
  C:0940H         PUBLIC        main
  D:0098H         PUBLIC        SCON
  D:0089H         PUBLIC        TMOD
  D:0088H         PUBLIC        TCON
  D:001FH         PUBLIC        led
  B:00A8H.1       PUBLIC        ET0
  B:00B0H.3       PUBLIC        key
  B:0088H.5       PUBLIC        TF0
  D:008CH         PUBLIC        TH0
  D:008AH         PUBLIC        TL0
  D:0033H         PUBLIC        tmp
BL51 BANKED LINKER/LOCATER V6.22                                                      11/22/2018  15:05:44  PAGE 3


  C:0914H         PUBLIC        zhongduan
  B:0088H.4       PUBLIC        TR0
  C:088CH         PUBLIC        clockrun
  D:00C8H         PUBLIC        T2CON
  D:0034H         PUBLIC        change
  D:00D0H         PUBLIC        PSW
  -------         PROC          MAIN
  C:0940H         LINE#         16
  C:0940H         LINE#         18
  C:0943H         LINE#         19
  C:0946H         LINE#         20
  C:0949H         LINE#         21
  C:094BH         LINE#         22
  C:094DH         LINE#         23
  C:094FH         LINE#         24
  C:0952H         LINE#         25
  C:0952H         LINE#         26
  C:0955H         LINE#         27
  C:0957H         LINE#         28
  C:0957H         LINE#         30
  -------         ENDPROC       MAIN
  -------         PROC          ZHONGDUAN
  C:0914H         LINE#         31
  C:0918H         LINE#         32
  C:091BH         LINE#         33
  C:091EH         LINE#         34
  C:0920H         LINE#         35
  C:0922H         LINE#         36
  C:0924H         LINE#         37
  C:0929H         LINE#         38
  C:092CH         LINE#         39
  C:092EH         LINE#         40
  C:0933H         LINE#         41
  C:0936H         LINE#         42
  C:0938H         LINE#         43
  C:0938H         LINE#         44
  C:0938H         LINE#         45
  C:093BH         LINE#         46
  -------         ENDPROC       ZHONGDUAN
  -------         PROC          CLOCKRUN
  C:088CH         LINE#         47
  C:088CH         LINE#         48
  C:0892H         LINE#         49
  C:089FH         LINE#         50
  C:089FH         LINE#         51
  C:08A2H         LINE#         52
  C:08AAH         LINE#         53
  C:08ACH         LINE#         54
  C:08ACH         LINE#         55
  C:08AFH         LINE#         56
  C:08B5H         LINE#         57
  C:08B7H         LINE#         58
  C:08B7H         LINE#         59
  C:08BAH         LINE#         60
  C:08C6H         LINE#         61
  C:08C8H         LINE#         62
  C:08C8H         LINE#         63
BL51 BANKED LINKER/LOCATER V6.22                                                      11/22/2018  15:05:44  PAGE 4


  C:08CBH         LINE#         64
  C:08DAH         LINE#         65
  C:08DAH         LINE#         66
  C:08DAH         LINE#         67
  -------         ENDPROC       CLOCKRUN
  -------         ENDMOD        MAIN

******************************************************************************
* RESTRICTED VERSION WITH 0800H BYTE CODE SIZE LIMIT; USED: 00DDH BYTE (10%) *
******************************************************************************

Program Size: data=54.0 xdata=0 code=350
LINK/LOCATE RUN COMPLETE.  0 WARNING(S),  0 ERROR(S)
