BL51 BANKED LINKER/LOCATER V6.22                                                        11/22/2018  14:19:49  PAGE 1


BL51 BANKED LINKER/LOCATER V6.22, INVOKED BY:
D:\SOFTWARE\KEIL\C51\BIN\BL51.EXE STARTUP.obj, main.obj TO Test RAMSIZE (256)


MEMORY MODEL: SMALL


INPUT MODULES INCLUDED:
  STARTUP.obj (?C_STARTUP)
  main.obj (MAIN)
  D:\SOFTWARE\KEIL\C51\LIB\C51S.LIB (?C_INIT)


LINK MAP OF MODULE:  Test (?C_STARTUP)


            TYPE    BASE      LENGTH    RELOCATION   SEGMENT NAME
            -----------------------------------------------------

            * * * * * * *   D A T A   M E M O R Y   * * * * * * *
            REG     0000H     0008H     ABSOLUTE     "REG BANK 0"
            DATA    0008H     002DH     UNIT         ?DT?MAIN
            IDATA   0035H     0001H     UNIT         ?STACK

            * * * * * * *   C O D E   M E M O R Y   * * * * * * *
            CODE    0000H     0003H     ABSOLUTE     
                    0003H     0008H                  *** GAP ***
            CODE    000BH     0003H     ABSOLUTE     
                    000EH     07F2H                  *** GAP ***
            CODE    0800H     008CH     UNIT         ?C_C51STARTUP
            CODE    088CH     0068H     UNIT         ?PR?MAIN?MAIN
            CODE    08F4H     0039H     UNIT         ?C_INITSEG
            CODE    092DH     002CH     UNIT         ?PR?ZHONGDUAN?MAIN



OVERLAY MAP OF MODULE:   Test (?C_STARTUP)


SEGMENT
  +--> CALLED SEGMENT
---------------------
?C_C51STARTUP
  +--> ?PR?MAIN?MAIN
  +--> ?C_INITSEG



SYMBOL TABLE OF MODULE:  Test (?C_STARTUP)

  VALUE           TYPE          NAME
  ----------------------------------

  -------         MODULE        ?C_STARTUP
  C:0800H         SEGMENT       ?C_C51STARTUP
  I:0035H         SEGMENT       ?STACK
  C:0000H         PUBLIC        ?C_STARTUP
  D:00E0H         SYMBOL        ACC
BL51 BANKED LINKER/LOCATER V6.22                                                      11/22/2018  14:19:49  PAGE 2


  D:00F0H         SYMBOL        B
  D:0083H         SYMBOL        DPH
  D:0082H         SYMBOL        DPL
  N:0000H         SYMBOL        IBPSTACK
  N:0100H         SYMBOL        IBPSTACKTOP
  N:0080H         SYMBOL        IDATALEN
  C:0803H         SYMBOL        IDATALOOP
  N:0000H         SYMBOL        PBPSTACK
  N:0100H         SYMBOL        PBPSTACKTOP
  N:0000H         SYMBOL        PDATALEN
  N:0000H         SYMBOL        PDATASTART
  N:0000H         SYMBOL        PPAGE
  N:0000H         SYMBOL        PPAGEENABLE
  D:00A0H         SYMBOL        PPAGE_SFR
  D:0081H         SYMBOL        SP
  C:0800H         SYMBOL        STARTUP1
  N:0000H         SYMBOL        XBPSTACK
  N:0000H         SYMBOL        XBPSTACKTOP
  N:0000H         SYMBOL        XDATALEN
  N:0000H         SYMBOL        XDATASTART
  C:0000H         LINE#         126
  C:0800H         LINE#         133
  C:0802H         LINE#         134
  C:0803H         LINE#         135
  C:0804H         LINE#         136
  C:0806H         LINE#         185
  C:0809H         LINE#         196
  -------         ENDMOD        ?C_STARTUP

  -------         MODULE        MAIN
  C:0000H         SYMBOL        _ICE_DUMMY_
  D:0008H         PUBLIC        second
  D:0080H         PUBLIC        P0
  D:0090H         PUBLIC        P1
  D:00A0H         PUBLIC        P2
  D:00B0H         PUBLIC        P3
  D:0009H         PUBLIC        counter
  B:00A8H.7       PUBLIC        EA
  D:00A8H         PUBLIC        IE
  D:000AH         PUBLIC        _led
  D:001EH         PUBLIC        minute
  D:00B8H         PUBLIC        IP
  C:088CH         PUBLIC        main
  D:0098H         PUBLIC        SCON
  D:0089H         PUBLIC        TMOD
  D:0088H         PUBLIC        TCON
  D:001FH         PUBLIC        led
  B:00A8H.1       PUBLIC        ET0
  B:0088H.5       PUBLIC        TF0
  D:008CH         PUBLIC        TH0
  D:008AH         PUBLIC        TL0
  D:0033H         PUBLIC        tmp
  C:092DH         PUBLIC        zhongduan
  B:0088H.4       PUBLIC        TR0
  D:00C8H         PUBLIC        T2CON
  D:0034H         PUBLIC        change
  D:00D0H         PUBLIC        PSW
BL51 BANKED LINKER/LOCATER V6.22                                                      11/22/2018  14:19:49  PAGE 3


  -------         PROC          MAIN
  C:088CH         LINE#         9
  C:088CH         LINE#         11
  C:088FH         LINE#         12
  C:0892H         LINE#         13
  C:0895H         LINE#         14
  C:0897H         LINE#         15
  C:0899H         LINE#         16
  C:089BH         LINE#         17
  C:089BH         LINE#         19
  C:08A1H         LINE#         20
  C:08AEH         LINE#         21
  C:08AEH         LINE#         22
  C:08B1H         LINE#         23
  C:08B9H         LINE#         24
  C:08BBH         LINE#         25
  C:08BBH         LINE#         26
  C:08BEH         LINE#         27
  C:08C8H         LINE#         28
  C:08CAH         LINE#         29
  C:08CAH         LINE#         30
  C:08CDH         LINE#         31
  C:08DEH         LINE#         32
  C:08E0H         LINE#         33
  C:08E0H         LINE#         34
  C:08E3H         LINE#         35
  C:08F2H         LINE#         36
  -------         ENDPROC       MAIN
  -------         PROC          ZHONGDUAN
  C:092DH         LINE#         42
  C:0931H         LINE#         43
  C:0934H         LINE#         44
  C:0937H         LINE#         45
  C:0939H         LINE#         46
  C:093BH         LINE#         47
  C:093DH         LINE#         48
  C:0942H         LINE#         49
  C:0945H         LINE#         50
  C:0947H         LINE#         51
  C:094CH         LINE#         52
  C:094FH         LINE#         53
  C:0951H         LINE#         54
  C:0951H         LINE#         55
  C:0951H         LINE#         56
  C:0954H         LINE#         57
  -------         ENDPROC       ZHONGDUAN
  -------         ENDMOD        MAIN

******************************************************************************
* RESTRICTED VERSION WITH 0800H BYTE CODE SIZE LIMIT; USED: 00DEH BYTE (10%) *
******************************************************************************

Program Size: data=54.0 xdata=0 code=351
LINK/LOCATE RUN COMPLETE.  0 WARNING(S),  0 ERROR(S)
